[      80ms] [ERROR] Failed to load resource: the server responded with a status of 404 (Not Found) @ http://localhost:8501/BI%E3%83%80%E3%83%83%E3%82%B7%E3%83%A5%E3%83%9C%E3%83%BC%E3%83%89/_stcore/health:0
[      81ms] [ERROR] Failed to load resource: the server responded with a status of 404 (Not Found) @ http://localhost:8501/BI%E3%83%80%E3%83%83%E3%82%B7%E3%83%A5%E3%83%9C%E3%83%BC%E3%83%89/_stcore/host-config:0
[   48177ms] [WARNING] `preventOverflow` modifier is required by `hide` modifier in order to work, be sure to include it before `hide`! @ http://localhost:8501/static/js/utils.D9m7Ykmm.js:2
[   95688ms] [WARNING] `preventOverflow` modifier is required by `hide` modifier in order to work, be sure to include it before `hide`! @ http://localhost:8501/static/js/utils.D9m7Ykmm.js:2
[   96329ms] [WARNING] `preventOverflow` modifier is required by `hide` modifier in order to work, be sure to include it before `hide`! @ http://localhost:8501/static/js/utils.D9m7Ykmm.js:2
[   97356ms] [WARNING] `preventOverflow` modifier is required by `hide` modifier in order to work, be sure to include it before `hide`! @ http://localhost:8501/static/js/utils.D9m7Ykmm.js:2
[   98383ms] [WARNING] `preventOverflow` modifier is required by `hide` modifier in order to work, be sure to include it before `hide`! @ http://localhost:8501/static/js/utils.D9m7Ykmm.js:2
[   99423ms] [WARNING] `preventOverflow` modifier is required by `hide` modifier in order to work, be sure to include it before `hide`! @ http://localhost:8501/static/js/utils.D9m7Ykmm.js:2
[  100464ms] [WARNING] `preventOverflow` modifier is required by `hide` modifier in order to work, be sure to include it before `hide`! @ http://localhost:8501/static/js/utils.D9m7Ykmm.js:2
[  152478ms] [WARNING] `preventOverflow` modifier is required by `hide` modifier in order to work, be sure to include it before `hide`! @ http://localhost:8501/static/js/utils.D9m7Ykmm.js:2
[  445259ms] [WARNING] `preventOverflow` modifier is required by `hide` modifier in order to work, be sure to include it before `hide`! @ http://localhost:8501/static/js/utils.D9m7Ykmm.js:2
[  454551ms] [WARNING] `preventOverflow` modifier is required by `hide` modifier in order to work, be sure to include it before `hide`! @ http://localhost:8501/static/js/utils.D9m7Ykmm.js:2
[  525042ms] [WARNING] `preventOverflow` modifier is required by `hide` modifier in order to work, be sure to include it before `hide`! @ http://localhost:8501/static/js/utils.D9m7Ykmm.js:2
[  529855ms] [WARNING] `preventOverflow` modifier is required by `hide` modifier in order to work, be sure to include it before `hide`! @ http://localhost:8501/static/js/utils.D9m7Ykmm.js:2
[  535076ms] [WARNING] `preventOverflow` modifier is required by `hide` modifier in order to work, be sure to include it before `hide`! @ http://localhost:8501/static/js/utils.D9m7Ykmm.js:2
[  537561ms] [WARNING] `preventOverflow` modifier is required by `hide` modifier in order to work, be sure to include it before `hide`! @ http://localhost:8501/static/js/utils.D9m7Ykmm.js:2
[  906391ms] [ERROR] WebSocket connection to 'ws://localhost:8501/_stcore/stream' failed:  @ http://localhost:8501/static/js/index.D2ZqaFuW.js:17
[  906391ms] [ERROR] Client Error: WebSocket onerror @ http://localhost:8501/static/js/index.D2ZqaFuW.js:17
[  906518ms] [ERROR] Failed to load resource: net::ERR_CONNECTION_REFUSED @ http://localhost:8501/_stcore/host-config:0
[  906518ms] [ERROR] Failed to load resource: net::ERR_CONNECTION_REFUSED @ http://localhost:8501/_stcore/health:0
[  906619ms] [ERROR] Failed to load resource: net::ERR_CONNECTION_REFUSED @ http://localhost:8501/BI%E3%83%80%E3%83%83%E3%82%B7%E3%83%A5%E3%83%9C%E3%83%BC%E3%83%89/_stcore/health:0
[  906619ms] [ERROR] Failed to load resource: net::ERR_CONNECTION_REFUSED @ http://localhost:8501/BI%E3%83%80%E3%83%83%E3%82%B7%E3%83%A5%E3%83%9C%E3%83%BC%E3%83%89/_stcore/host-config:0
[  906846ms] [ERROR] Failed to load resource: net::ERR_CONNECTION_REFUSED @ http://localhost:8501/_stcore/health:0
[  906846ms] [ERROR] Failed to load resource: net::ERR_CONNECTION_REFUSED @ http://localhost:8501/_stcore/host-config:0
[  907075ms] [ERROR] Failed to load resource: net::ERR_CONNECTION_REFUSED @ http://localhost:8501/BI%E3%83%80%E3%83%83%E3%82%B7%E3%83%A5%E3%83%9C%E3%83%BC%E3%83%89/_stcore/health:0
[  907076ms] [ERROR] Failed to load resource: net::ERR_CONNECTION_REFUSED @ http://localhost:8501/BI%E3%83%80%E3%83%83%E3%82%B7%E3%83%A5%E3%83%9C%E3%83%BC%E3%83%89/_stcore/host-config:0
[  907525ms] [ERROR] Failed to load resource: net::ERR_CONNECTION_REFUSED @ http://localhost:8501/_stcore/health:0
[  907525ms] [ERROR] Failed to load resource: net::ERR_CONNECTION_REFUSED @ http://localhost:8501/_stcore/host-config:0
[  907960ms] [ERROR] Failed to load resource: net::ERR_CONNECTION_REFUSED @ http://localhost:8501/BI%E3%83%80%E3%83%83%E3%82%B7%E3%83%A5%E3%83%9C%E3%83%BC%E3%83%89/_stcore/health:0
[  907960ms] [ERROR] Failed to load resource: net::ERR_CONNECTION_REFUSED @ http://localhost:8501/BI%E3%83%80%E3%83%83%E3%82%B7%E3%83%A5%E3%83%9C%E3%83%BC%E3%83%89/_stcore/host-config:0
[  908856ms] [ERROR] Failed to load resource: net::ERR_CONNECTION_REFUSED @ http://localhost:8501/_stcore/health:0
[  908856ms] [ERROR] Failed to load resource: net::ERR_CONNECTION_REFUSED @ http://localhost:8501/_stcore/host-config:0
[  909730ms] [ERROR] Failed to load resource: the server responded with a status of 404 (Not Found) @ http://localhost:8501/BI%E3%83%80%E3%83%83%E3%82%B7%E3%83%A5%E3%83%9C%E3%83%BC%E3%83%89/_stcore/host-config:0
[  909730ms] [ERROR] Failed to load resource: the server responded with a status of 404 (Not Found) @ http://localhost:8501/BI%E3%83%80%E3%83%83%E3%82%B7%E3%83%A5%E3%83%9C%E3%83%BC%E3%83%89/_stcore/health:0
